<html>
<body>
<pre>
<h1>µVision Build Log</h1>
<h2>Tool Versions:</h2>
IDE-Version: ¦ÌVision V5.37.0.0
Copyright (C) 2022 ARM Ltd and ARM Germany GmbH. All rights reserved.
License Information: w 2983926285@qq.com, w, LIC=D0D7S-LGJ7X-WFLI7-EH8VV-UJXCG-CS67V
 
Tool Versions:
Toolchain:       MDK-ARM Plus  Version: 5.37.0.0
Toolchain Path:  D:\kevil\ARM\ARMCLANG\Bin
C Compiler:      ArmClang.exe V6.18
Assembler:       Armasm.exe V6.18
Linker/Locator:  ArmLink.exe V6.18
Library Manager: ArmAr.exe V6.18
Hex Converter:   FromElf.exe V6.18
CPU DLL:         SARMCM3.DLL V5.37.0.0
Dialog DLL:      DCM.DLL V1.17.5.0
Target DLL:      STLink\ST-LINKIII-KEIL_SWO.dll V3.0.9.0
Dialog DLL:      TCM.DLL V1.56.1.0
 
<h2>Project:</h2>
D:\horizon\Horizon_Infantry (2)\MDK-ARM\Horizon_Infantry.uvprojx
Project File Date:  06/01/2025

<h2>Output:</h2>
*** Using Compiler 'V6.18', folder: 'D:\kevil\ARM\ARMCLANG\Bin'
Build target 'Horizon_Infantry'
compiling Gimbal_Task.c...
../User/App/Robot.c(226): warning: using the result of an assignment as a condition without parentheses [-Wparentheses]
    if (MOD=0||DBUS->Remote.S1_u8 == 2 || Root->RM_DBUS == RUI_DF_OFFLINE)
        ~~~^~~~~~~~~~~~~~~~~~~~~~~~~~~~~~~~~~~~~~~~~~~~~~~~~~~~~~~~~~~~~~
../User/App/Robot.c(226): note: place parentheses around the assignment to silence this warning
    if (MOD=0||DBUS->Remote.S1_u8 == 2 || Root->RM_DBUS == RUI_DF_OFFLINE)
           ^
        (                                                                )
../User/App/Robot.c(226): note: use '==' to turn this assignment into an equality comparison
    if (MOD=0||DBUS->Remote.S1_u8 == 2 || Root->RM_DBUS == RUI_DF_OFFLINE)
           ^
           ==
1 warning generated.
compiling Robot.c...
linking...
Program Size: Code=72726 RO-data=4690 RW-data=1152 ZI-data=61376  
FromELF: creating hex file...
"Horizon_Infantry\Horizon_Infantry.axf" - 0 Error(s), 1 Warning(s).

<h2>Software Packages used:</h2>

Package Vendor: Keil
                https://www.keil.com/pack/Keil.STM32F4xx_DFP.3.0.0.pack
                Keil.STM32F4xx_DFP.3.0.0
                STMicroelectronics STM32F4 Series Device Support

<h2>Collection of Component include folders:</h2>

<h2>Collection of Component Files used:</h2>
Build Time Elapsed:  00:00:05
</pre>
</body>
</html>
