<html>
<body>
<pre>
<h1>µVision Build Log</h1>
<h2>Tool Versions:</h2>
IDE-Version: ¦ÌVision V5.37.0.0
Copyright (C) 2022 ARM Ltd and ARM Germany GmbH. All rights reserved.
License Information: w 2983926285@qq.com, w, LIC=D0D7S-LGJ7X-WFLI7-EH8VV-UJXCG-CS67V
 
Tool Versions:
Toolchain:       MDK-ARM Plus  Version: 5.37.0.0
Toolchain Path:  D:\kevil\ARM\ARMCLANG\Bin
C Compiler:      ArmClang.exe V6.18
Assembler:       Armasm.exe V6.18
Linker/Locator:  ArmLink.exe V6.18
Library Manager: ArmAr.exe V6.18
Hex Converter:   FromElf.exe V6.18
CPU DLL:         SARMCM3.DLL V5.37.0.0
Dialog DLL:      DCM.DLL V1.17.5.0
Target DLL:      CMSIS_AGDI.dll V1.33.12.0
Dialog DLL:      TCM.DLL V1.56.1.0
 
<h2>Project:</h2>
D:\horizon\Horizon_Infantry (2)\MDK-ARM\Horizon_Infantry.uvprojx
Project File Date:  05/16/2026

<h2>Output:</h2>
*** Using Compiler 'V6.18', folder: 'D:\kevil\ARM\ARMCLANG\Bin'
Build target 'Horizon_Infantry'
compiling BMI088Middleware.c...
compiling BMI088driver.c...
compiling Power_CAP.c...
compiling bsp_imu_pwm.c...
compiling DM_Motor.c...
compiling bsp_dwt.c...
compiling bsp_adc.c...
compiling can_bsp.c...
compiling NIMING.c...
compiling bsp_buzzer.c...
compiling DJI_Motor.c...
compiling Referee.c...
compiling Vision.c...
compiling RGBctrl.c...
compiling RUI_DBUS.c...
compiling VOFA.c...
compiling CANSPI.c...
compiling MCP2515.c...
compiling music.c...
compiling ws2812.c...
compiling VT13.c...
compiling controller.c...
compiling kalman_filter.c...
compiling pid_temp.c...
compiling CRC_DJI.c...
compiling RUI_MATH.c...
compiling QuaternionEKF.c...
compiling Power_Ctrl.c...
compiling user_lib.c...
compiling Chassis_Task.c...
compiling heat_control.c...
compiling IMU_Task.c...
compiling Gimbal_Task.c...
compiling RobotUI_Ctrl.c...
compiling RUI_ROOT_INIT.c...
compiling Shoot_Task.c...
compiling Robot.c...
compiling All_Init.c...
compiling gpio.c...
compiling freertos.c...
compiling adc.c...
compiling WHW_IRQN.c...
compiling main.c...
compiling can.c...
compiling crc.c...
compiling dma.c...
compiling spi.c...
compiling tim.c...
compiling stm32f4xx_hal_msp.c...
compiling usart.c...
compiling stm32f4xx_hal_timebase_tim.c...
compiling stm32f4xx_hal_pcd_ex.c...
compiling stm32f4xx_hal_pcd.c...
compiling stm32f4xx_it.c...
compiling stm32f4xx_hal_tim_ex.c...
compiling stm32f4xx_hal_rcc_ex.c...
compiling stm32f4xx_hal_rcc.c...
compiling stm32f4xx_ll_usb.c...
compiling stm32f4xx_hal_flash_ramfunc.c...
compiling stm32f4xx_hal_flash.c...
compiling stm32f4xx_hal_flash_ex.c...
compiling stm32f4xx_hal_tim.c...
compiling stm32f4xx_hal_gpio.c...
compiling stm32f4xx_hal_pwr.c...
compiling stm32f4xx_hal_dma_ex.c...
compiling stm32f4xx_hal_dma.c...
compiling stm32f4xx_hal_pwr_ex.c...
compiling stm32f4xx_hal_cortex.c...
compiling stm32f4xx_hal.c...
compiling stm32f4xx_ll_adc.c...
compiling stm32f4xx_hal_exti.c...
compiling stm32f4xx_hal_adc_ex.c...
compiling stm32f4xx_hal_adc.c...
compiling stm32f4xx_hal_can.c...
compiling croutine.c...
compiling list.c...
compiling event_groups.c...
compiling stm32f4xx_hal_crc.c...
compiling system_stm32f4xx.c...
compiling stm32f4xx_hal_spi.c...
compiling queue.c...
compiling stream_buffer.c...
compiling stm32f4xx_hal_uart.c...
compiling tasks.c...
compiling heap_4.c...
compiling timers.c...
compiling SEGGER_RTT_printf.c...
compiling port.c...
compiling cmsis_os.c...
compiling SEGGER_RTT.c...
compiling BayesFunctions.c...
compiling ComplexMathFunctions.c...
compiling ControllerFunctions.c...
compiling BasicMathFunctions.c...
compiling InterpolationFunctions.c...
compiling FastMathFunctions.c...
compiling DistanceFunctions.c...
compiling QuaternionMathFunctions.c...
compiling SVMFunctions.c...
compiling StatisticsFunctions.c...
compiling SupportFunctions.c...
compiling usb_device.c...
compiling MatrixFunctions.c...
compiling WindowFunctions.c...
compiling usbd_desc.c...
compiling usbd_conf.c...
compiling usbd_cdc_if.c...
compiling usbd_core.c...
compiling usbd_ctlreq.c...
compiling usbd_ioreq.c...
compiling FilteringFunctions.c...
compiling usbd_cdc.c...
compiling TransformFunctions.c...
compiling ui_interface.c...
compiling CommonTables.c...
compiling ui_g.c...
linking...
Program Size: Code=135040 RO-data=5632 RW-data=1368 ZI-data=64040  
FromELF: creating hex file...
"Horizon_Infantry\Horizon_Infantry.axf" - 0 Error(s), 0 Warning(s).

<h2>Software Packages used:</h2>

Package Vendor: Keil
                https://www.keil.com/pack/Keil.STM32F4xx_DFP.3.0.0.pack
                Keil.STM32F4xx_DFP.3.0.0
                STMicroelectronics STM32F4 Series Device Support

<h2>Collection of Component include folders:</h2>

<h2>Collection of Component Files used:</h2>
Build Time Elapsed:  00:00:05
</pre>
</body>
</html>
